 ** how to oracle java install **
 
1. add to repository with oracle ppa infromation
  
  $ sudo add-apt-repository ppa:webupd8team/java

2. update repository 

$ sudo apt-get update

-----> when error occured , system reboot & procced update or install proccess 

3. install oracle java 
  
  *(no) means version = 6,7,8,9 available 
  
$ sudo apt-get install oracle-java(no)-installer

ex)$ sudo apt-get install oracle-java8-installer


** check system info (CPU/MEM)

vi /proc/meminfo

vi /proc/cpuinfo


*** install nodejs on unbuntu 

[ generally ]
 using nvm , install nodejs recent
 
 sudo apt-get update
 
 sudo apt-get install nodejs
 
 sudo apt-get install npm 
 
 
 [ using nvm ]
 
 sudo apt-get update 
 sudo apt-get install build-essential libssl-dev
 
 sudo apt-get install curl 
 
 curl -sL https://raw.githubusercontent.com/creationix/nvm/v0.33.5/install.sh -o install_nvm.sh
 
 ./ install_nvm.sh
 
 nvm install 9.10.1
 
 node -v
 

  ** how to oracle java install **
 
1. add to repository with oracle ppa infromation
  
  $ sudo add-apt-repository ppa:webupd8team/java

2. update repository 

$ sudo apt-get update

-----> when error occured , system reboot & procced update or install proccess 

3. install oracle java 
  
  *(no) means version = 6,7,8,9 available 
  
$ sudo apt-get install oracle-java(no)-installer

ex)$ sudo apt-get install oracle-java8-installer


** check system info (CPU/MEM)

vi /proc/meminfo

vi /proc/cpuinfo


*** install nodejs on unbuntu 

[ generally ]
 using nvm , install nodejs recent
 
 sudo apt-get update
 
 sudo apt-get install nodejs
 
 sudo apt-get install npm 
 
 
 [ using nvm ]
 
 sudo apt-get update 
 sudo apt-get install build-essential libssl-dev
 
 sudo apt-get install curl 
 
 curl -sL https://raw.githubusercontent.com/creationix/nvm/v0.33.5/install.sh -o install_nvm.sh
 
 ./ install_nvm.sh
 
 nvm install 9.10.1
 
 node -v
 
 
 
 local ip check 
 * netstat -an 
 
opend PORT check

 * netstat -nap | grep LISTEN


 search string in file 
 #global reular expression print

 *grep -r "" /insert path to search 
 
vim 
 search :'words' 


** install tomcat on ubuntu 
-install 
sudo apt-get install tomcat8

-remove
sudo apt-get remove tomcat8

-status 
ps -ef|grep tomcat

-start
sudo service tomcat8 start
-stop
sudo service tomcat8 stop
-restart
sudo service tomcat8 restart

#  Tomcat path
 /usr/share/tomcat8  →  executable &l ibraries
 /var/lib/tomcat8  →  conf & webapps

 
 #### nginx on ubuntu 
 
 1. install nginx 

sudo apt-get install nginx 

2. check nginx version 

nginx -v 

// 시작

$ sudo service nginx start

$ sudo systemctl start nginx

$ sudo /etc/init.d/nginx start

// 재시작

$ sudo service nginx restart

$ sudo systemctl restart nginx

$ sudo /etc/init.d/nginx restart

// 중지

$ sudo service nginx stop

$ sudo systemctl stop nginx

$ sudo /etc/init.d/nginx stop

// 상태

$ sudo service nginx status

$ sudo systemctl status nginx

// 설정 reload

$ sudo service nginx reload

$ sudo systemctl reload nginx

$ sudo nginx -s reload

// configuration file syntax check

$ sudo nginx -t




***** 리눅스 버전 확인 ******

grep . /etc/*-release
    or
cat /etc/*-release | uniq

